// Jest Snapshot v1, https://goo.gl/fbAQLP

exports[`Counter Snapshot matches DOM Snapshot 1`] = `
<div>
  <button
    onClick={[Function]}
  >
    +
  </button>
  <button
    onClick={[Function]}
  >
    -
  </button>
  <p>
    Count is 
    0
  </p>
</div>
`;
